2026-08-16 22:45:42,737 [INFO] database.db: Database initialised successfully at data/tax_reminder.db
2026-08-16 22:45:42,749 [INFO] __main__: Starting Home Tax Reminder Manager
2026-08-16 22:45:42,944 [INFO] apscheduler.scheduler: Adding job tentatively -- it will be properly scheduled when the scheduler starts
2026-08-16 22:45:42,947 [INFO] apscheduler.scheduler: Added job "_run_job" to job store "default"
2026-08-16 22:45:42,947 [INFO] apscheduler.scheduler: Scheduler started
2026-08-16 22:45:42,950 [INFO] scheduler: APScheduler started. Daily job at 09:00 IST
2026-08-16 22:45:43,647 [INFO] geventwebsocket.handler: 127.0.0.1 - - [2026-08-16 22:45:43] "GET /index.html HTTP/1.1" 404 881 0.007021
2026-08-16 22:45:43,720 [INFO] geventwebsocket.handler: 127.0.0.1 - - [2026-08-16 22:45:43] "GET /favicon.ico HTTP/1.1" 404 882 0.000642
2026-08-17 11:22:57,414 [INFO] database.db: Database initialised successfully at C:\Users\sanik\AppData\Local\Temp\tmp3i0i_zh1\test_tax.db
2026-08-17 11:22:57,437 [INFO] database.db: Database initialised successfully at C:\Users\sanik\AppData\Local\Temp\tmp3i0i_zh1\test_tax.db
2026-08-17 11:22:57,459 [INFO] services.resident_service: Created resident id=1 property_id=GP/2026/001
2026-08-17 11:22:57,467 [INFO] services.resident_service: Created resident id=2 property_id=GP/2026/002
2026-08-17 11:22:57,480 [INFO] services.resident_service: Marked paid: resident id=1 date=2026-01-15
2026-08-17 11:22:57,509 [INFO] services.messaging_service: [DRY RUN] channel=sms to=9876543210 body=प्रिय Anil Deshmukh (Merged),
आपल्या मालमत्ता कराची देय तारीख 31 Mar 2026 येत आह...
2026-08-17 11:22:57,809 [INFO] services.messaging_service: [DRY RUN] channel=sms to=9876543210 body=Dear Anil Deshmukh (Merged),
Your property tax of ₹2,200 is due on 31 Mar 2026.
...
2026-08-17 11:22:57,942 [INFO] services.messaging_service: [DRY RUN] channel=sms to=9876543210 body=प्रिय Anil Deshmukh (Merged),
आपल्या मालमत्ता कराची देय तारीख 31 Mar 2026 येत आह...
2026-08-17 11:22:58,243 [INFO] services.messaging_service: [DRY RUN] channel=sms to=9876543210 body=Dear Anil Deshmukh (Merged),
Your property tax of ₹2,200 is due on 31 Mar 2026.
...
2026-08-17 11:22:58,314 [INFO] services.reminder_engine: === Daily reminder check started ===
2026-08-17 11:22:58,315 [INFO] services.reminder_engine: Checking 3 unpaid residents | days_until_due=-139
2026-08-17 11:22:58,315 [INFO] services.reminder_engine: === Daily check done: {'status': 'done', 'sent': 0, 'skipped': 3, 'failed': 0, 'date': '2026-08-17'} ===
2026-08-17 11:24:12,379 [INFO] database.db: Database initialised successfully at C:\Users\sanik\AppData\Local\Temp\tmppmob28dz\test_tax.db
2026-08-17 11:24:12,400 [INFO] database.db: Database initialised successfully at C:\Users\sanik\AppData\Local\Temp\tmppmob28dz\test_tax.db
2026-08-17 11:24:12,424 [INFO] services.resident_service: Created resident id=1 property_id=GP/2026/001
2026-08-17 11:24:12,431 [INFO] services.resident_service: Created resident id=2 property_id=GP/2026/002
2026-08-17 11:24:12,441 [INFO] services.resident_service: Marked paid: resident id=1 date=2026-01-15
2026-08-17 11:24:12,466 [INFO] services.messaging_service: [DRY RUN] channel=sms to=9876543210 body=प्रिय Anil Deshmukh (Merged),
आपल्या मालमत्ता कराची देय तारीख 31 Mar 2026 येत आह...
2026-08-17 11:24:12,766 [INFO] services.messaging_service: [DRY RUN] channel=sms to=9876543210 body=Dear Anil Deshmukh (Merged),
Your property tax of ₹2,200 is due on 31 Mar 2026.
...
2026-08-17 11:24:12,901 [INFO] services.messaging_service: [DRY RUN] channel=sms to=9876543210 body=प्रिय Anil Deshmukh (Merged),
आपल्या मालमत्ता कराची देय तारीख 31 Mar 2026 येत आह...
2026-08-17 11:24:13,202 [INFO] services.messaging_service: [DRY RUN] channel=sms to=9876543210 body=Dear Anil Deshmukh (Merged),
Your property tax of ₹2,200 is due on 31 Mar 2026.
...
2026-08-17 11:24:13,336 [INFO] services.reminder_engine: === Daily reminder check started ===
2026-08-17 11:24:13,337 [INFO] services.reminder_engine: Checking 3 unpaid residents | days_until_due=-139
2026-08-17 11:24:13,337 [INFO] services.reminder_engine: === Daily check done: {'status': 'done', 'sent': 0, 'skipped': 3, 'failed': 0, 'date': '2026-08-17'} ===
2026-08-17 11:29:01,772 [INFO] database.db: Database initialised successfully at C:\Users\sanik\AppData\Local\Temp\tmp2wv1xpyr\test_tax.db
2026-08-17 11:29:01,799 [INFO] database.db: Database initialised successfully at C:\Users\sanik\AppData\Local\Temp\tmp2wv1xpyr\test_tax.db
2026-08-17 11:29:01,824 [INFO] services.resident_service: Created resident id=1 property_id=GP/2026/001
2026-08-17 11:29:01,831 [INFO] services.resident_service: Created resident id=2 property_id=GP/2026/002
2026-08-17 11:29:01,844 [INFO] services.resident_service: Marked paid: resident id=1 date=2026-01-15
2026-08-17 11:29:01,868 [INFO] services.messaging_service: [DRY RUN] channel=sms to=9876543210 body=प्रिय Anil Deshmukh (Merged),
आपल्या मालमत्ता कराची देय तारीख 31 Mar 2026 येत आह...
2026-08-17 11:29:02,169 [INFO] services.messaging_service: [DRY RUN] channel=sms to=9876543210 body=Dear Anil Deshmukh (Merged),
Your property tax of ₹2,200 is due on 31 Mar 2026.
...
2026-08-17 11:29:02,304 [INFO] services.messaging_service: [DRY RUN] channel=sms to=9876543210 body=प्रिय Anil Deshmukh (Merged),
आपल्या मालमत्ता कराची देय तारीख 31 Mar 2026 येत आह...
2026-08-17 11:29:02,605 [INFO] services.messaging_service: [DRY RUN] channel=sms to=9876543210 body=Dear Anil Deshmukh (Merged),
Your property tax of ₹2,200 is due on 31 Mar 2026.
...
2026-08-17 11:29:02,615 [INFO] services.reminder_engine: === Daily reminder check started ===
2026-08-17 11:29:02,615 [INFO] services.reminder_engine: Checking 3 unpaid residents | days_until_due=-139
2026-08-17 11:29:02,616 [INFO] services.reminder_engine: === Daily check done: {'status': 'done', 'sent': 0, 'skipped': 3, 'failed': 0, 'date': '2026-08-17'} ===
2026-08-17 11:37:01,487 [INFO] database.db: Database initialised successfully at C:\Users\sanik\AppData\Local\Temp\tmpq7xki6aq\test_tax.db
2026-08-17 11:37:01,506 [INFO] database.db: Database initialised successfully at C:\Users\sanik\AppData\Local\Temp\tmpq7xki6aq\test_tax.db
2026-08-17 11:37:01,523 [INFO] services.resident_service: Created resident id=1 property_id=GP/2026/001
2026-08-17 11:37:01,528 [INFO] services.resident_service: Created resident id=2 property_id=GP/2026/002
2026-08-17 11:37:01,539 [INFO] services.resident_service: Marked paid: resident id=1 date=2026-01-15
2026-08-17 11:37:01,558 [INFO] services.messaging_service: [DRY RUN] channel=sms to=9876543210 body=प्रिय Anil Deshmukh (Merged),
आपल्या मालमत्ता कराची देय तारीख 31 Mar 2026 येत आह...
2026-08-17 11:37:01,859 [INFO] services.messaging_service: [DRY RUN] channel=sms to=9876543210 body=Dear Anil Deshmukh (Merged),
Your property tax of ₹2,200 is due on 31 Mar 2026.
...
2026-08-17 11:37:01,994 [INFO] services.messaging_service: [DRY RUN] channel=sms to=9876543210 body=प्रिय Anil Deshmukh (Merged),
आपल्या मालमत्ता कराची देय तारीख 31 Mar 2026 येत आह...
2026-08-17 11:37:02,294 [INFO] services.messaging_service: [DRY RUN] channel=sms to=9876543210 body=Dear Anil Deshmukh (Merged),
Your property tax of ₹2,200 is due on 31 Mar 2026.
...
2026-08-17 11:37:02,429 [INFO] services.reminder_engine: === Daily reminder check started ===
2026-08-17 11:37:02,429 [INFO] services.reminder_engine: Checking 3 unpaid residents | days_until_due=-139
2026-08-17 11:37:02,430 [INFO] services.reminder_engine: === Daily check done: {'status': 'done', 'sent': 0, 'skipped': 3, 'failed': 0, 'date': '2026-08-17'} ===
2026-08-17 11:37:42,969 [INFO] database.db: Database initialised successfully at C:\Users\sanik\AppData\Local\Temp\tmpcoxjizhk\test_tax.db
2026-08-17 11:37:42,992 [INFO] database.db: Database initialised successfully at C:\Users\sanik\AppData\Local\Temp\tmpcoxjizhk\test_tax.db
2026-08-17 11:37:43,014 [INFO] services.resident_service: Created resident id=1 property_id=GP/2026/001
2026-08-17 11:37:43,020 [INFO] services.resident_service: Created resident id=2 property_id=GP/2026/002
2026-08-17 11:37:43,030 [INFO] services.resident_service: Marked paid: resident id=1 date=2026-01-15
2026-08-17 11:37:43,048 [INFO] services.messaging_service: [DRY RUN] channel=sms to=9876543210 body=प्रिय Anil Deshmukh (Merged),
आपल्या मालमत्ता कराची देय तारीख 31 Mar 2026 येत आह...
2026-08-17 11:37:43,349 [INFO] services.messaging_service: [DRY RUN] channel=sms to=9876543210 body=Dear Anil Deshmukh (Merged),
Your property tax of ₹2,200 is due on 31 Mar 2026.
...
2026-08-17 11:37:43,485 [INFO] services.messaging_service: [DRY RUN] channel=sms to=9876543210 body=प्रिय Anil Deshmukh (Merged),
आपल्या मालमत्ता कराची देय तारीख 31 Mar 2026 येत आह...
2026-08-17 11:37:43,786 [INFO] services.messaging_service: [DRY RUN] channel=sms to=9876543210 body=Dear Anil Deshmukh (Merged),
Your property tax of ₹2,200 is due on 31 Mar 2026.
...
2026-08-17 11:37:43,921 [INFO] services.reminder_engine: === Daily reminder check started ===
2026-08-17 11:37:43,922 [INFO] services.reminder_engine: Checking 3 unpaid residents | days_until_due=-139
2026-08-17 11:37:43,922 [INFO] services.reminder_engine: === Daily check done: {'status': 'done', 'sent': 0, 'skipped': 3, 'failed': 0, 'date': '2026-08-17'} ===
2026-08-17 11:49:40,014 [INFO] database.db: Database initialised successfully at C:\Users\sanik\AppData\Local\Temp\tmpazu1j164\test_tax.db
2026-08-17 11:49:40,038 [INFO] database.db: Database initialised successfully at C:\Users\sanik\AppData\Local\Temp\tmpazu1j164\test_tax.db
2026-08-17 11:49:40,061 [INFO] services.resident_service: Created resident id=1 property_id=GP/2026/001
2026-08-17 11:49:40,068 [INFO] services.resident_service: Created resident id=2 property_id=GP/2026/002
2026-08-17 11:49:40,081 [INFO] services.resident_service: Marked paid: resident id=1 date=2026-01-15
2026-08-17 11:49:40,100 [INFO] services.messaging_service: [DRY RUN] channel=sms to=9876543210 body=प्रिय Anil Deshmukh (Merged),
आपल्या मालमत्ता कराची देय तारीख 31 Mar 2026 येत आह...
2026-08-17 11:49:40,401 [INFO] services.messaging_service: [DRY RUN] channel=sms to=9876543210 body=Dear Anil Deshmukh (Merged),
Your property tax of ₹2,200 is due on 31 Mar 2026.
...
2026-08-17 11:49:40,535 [INFO] services.messaging_service: [DRY RUN] channel=sms to=9876543210 body=प्रिय Anil Deshmukh (Merged),
आपल्या मालमत्ता कराची देय तारीख 31 Mar 2026 येत आह...
2026-08-17 11:49:40,835 [INFO] services.messaging_service: [DRY RUN] channel=sms to=9876543210 body=Dear Anil Deshmukh (Merged),
Your property tax of ₹2,200 is due on 31 Mar 2026.
...
2026-08-17 11:49:40,844 [INFO] services.reminder_engine: === Daily reminder check started ===
2026-08-17 11:49:40,845 [INFO] services.reminder_engine: Checking 3 unpaid residents | days_until_due=-139
2026-08-17 11:49:40,845 [INFO] services.reminder_engine: === Daily check done: {'status': 'done', 'sent': 0, 'skipped': 3, 'failed': 0, 'date': '2026-08-17'} ===
2026-08-17 12:16:48,458 [INFO] database.db: Database initialised successfully at C:\Users\sanik\AppData\Local\Temp\tmp51jngye0\test_tax.db
2026-08-17 12:16:48,483 [INFO] database.db: Database initialised successfully at C:\Users\sanik\AppData\Local\Temp\tmp51jngye0\test_tax.db
2026-08-17 12:16:48,505 [INFO] services.resident_service: Created resident id=1 property_id=GP/2026/001
2026-08-17 12:16:48,511 [INFO] services.resident_service: Created resident id=2 property_id=GP/2026/002
2026-08-17 12:16:48,523 [INFO] services.resident_service: Marked paid: resident id=1 date=2026-01-15
2026-08-17 12:16:48,583 [INFO] services.messaging_service: [DRY RUN] channel=sms to=9876543210 body=प्रिय Anil Deshmukh (Merged),
आपल्या मालमत्ता कराची देय तारीख 31 Mar 2026 येत आह...
2026-08-17 12:16:48,884 [INFO] services.messaging_service: [DRY RUN] channel=sms to=9876543210 body=Dear Anil Deshmukh (Merged),
Your property tax of ₹2,200 is due on 31 Mar 2026.
...
2026-08-17 12:16:48,891 [INFO] services.messaging_service: [DRY RUN] channel=sms to=9876543210 body=प्रिय Anil Deshmukh (Merged),
आपल्या मालमत्ता कराची देय तारीख 31 Mar 2026 येत आह...
2026-08-17 12:16:49,192 [INFO] services.messaging_service: [DRY RUN] channel=sms to=9876543210 body=Dear Anil Deshmukh (Merged),
Your property tax of ₹2,200 is due on 31 Mar 2026.
...
2026-08-17 12:16:49,326 [INFO] services.reminder_engine: === Daily reminder check started ===
2026-08-17 12:16:49,327 [INFO] services.reminder_engine: Checking 3 unpaid residents | days_until_due=-139
2026-08-17 12:16:49,327 [INFO] services.reminder_engine: === Daily check done: {'status': 'done', 'sent': 0, 'skipped': 3, 'failed': 0, 'date': '2026-08-17'} ===
